#-----------------------------------------------------------
# Vivado v2024.1 (64-bit)
# SW Build 5076996 on Wed May 22 18:37:14 MDT 2024
# IP Build 5075265 on Wed May 22 21:45:21 MDT 2024
# SharedData Build 5076995 on Wed May 22 18:29:18 MDT 2024
# Start of session at: Tue Feb 18 07:57:15 2025
# Process ID: 15980
# Current directory: D:/Matlab Files/PTSP Lab/MachineLearning/codegen/decisionTree/hdlsrc/vivado_prj
# Command line: vivado.exe -gui_launcher_event rodinguilauncherevent25100 D:\Matlab Files\PTSP Lab\MachineLearning\codegen\decisionTree\hdlsrc\vivado_prj\decisionTree_fixpt_vivado.xpr
# Log file: D:/Matlab Files/PTSP Lab/MachineLearning/codegen/decisionTree/hdlsrc/vivado_prj/vivado.log
# Journal file: D:/Matlab Files/PTSP Lab/MachineLearning/codegen/decisionTree/hdlsrc/vivado_prj\vivado.jou
# Running On        :NoName
# Platform          :Windows Server 2016 or Windows 10
# Operating System  :26100
# Processor Detail  :12th Gen Intel(R) Core(TM) i7-12700H
# CPU Frequency     :2688 MHz
# CPU Physical cores:14
# CPU Logical cores :20
# Host memory       :16788 MB
# Swap memory       :16788 MB
# Total Virtual     :33577 MB
# Available Virtual :25561 MB
#-----------------------------------------------------------
start_gui
open_project {D:/Matlab Files/PTSP Lab/MachineLearning/codegen/decisionTree/hdlsrc/vivado_prj/decisionTree_fixpt_vivado.xpr}
update_compile_order -fileset sources_1
reset_run synth_1
launch_runs impl_1 -jobs 20
wait_on_run impl_1
open_run impl_1
