#-----------------------------------------------------------
# Vivado v2024.1 (64-bit)
# SW Build 5076996 on Wed May 22 18:37:14 MDT 2024
# IP Build 5075265 on Wed May 22 21:45:21 MDT 2024
# SharedData Build 5076995 on Wed May 22 18:29:18 MDT 2024
# Start of session at: Mon Feb 17 17:41:45 2025
# Process ID: 25192
# Current directory: D:/Matlab Files/PTSP Lab/MachineLearning/codegen/decisionTree/hdlsrc/vivado_prj
# Command line: vivado.exe -mode batch -notrace -source decisionTree_fixpt_Xilinx_Vivado_run.tcl
# Log file: D:/Matlab Files/PTSP Lab/MachineLearning/codegen/decisionTree/hdlsrc/vivado_prj/vivado.log
# Journal file: D:/Matlab Files/PTSP Lab/MachineLearning/codegen/decisionTree/hdlsrc/vivado_prj\vivado.jou
# Running On        :NoName
# Platform          :Windows Server 2016 or Windows 10
# Operating System  :26100
# Processor Detail  :12th Gen Intel(R) Core(TM) i7-12700H
# CPU Frequency     :2688 MHz
# CPU Physical cores:14
# CPU Logical cores :20
# Host memory       :16788 MB
# Swap memory       :16788 MB
# Total Virtual     :33577 MB
# Available Virtual :18506 MB
#-----------------------------------------------------------
source decisionTree_fixpt_Xilinx_Vivado_run.tcl -notrace
