Copyright 1986-2022 Xilinx, Inc. All Rights Reserved. Copyright 2022-2024 Advanced Micro Devices, Inc. All Rights Reserved.
---------------------------------------------------------------------------------------------------------------------------------------------------------------------------------------------------------
| Tool Version : Vivado v.2024.1 (win64) Build 5076996 Wed May 22 18:37:14 MDT 2024
| Date         : Mon Mar  3 10:55:42 2025
| Host         : NoName running 64-bit major release  (build 9200)
| Command      : report_timing_summary -max_paths 10 -report_unconstrained -file main_timing_summary_routed.rpt -pb main_timing_summary_routed.pb -rpx main_timing_summary_routed.rpx -warn_on_violation
| Design       : main
| Device       : 7a100t-csg324
| Speed File   : -1  PRODUCTION 1.23 2018-06-13
| Design State : Routed
---------------------------------------------------------------------------------------------------------------------------------------------------------------------------------------------------------

Timing Summary Report

------------------------------------------------------------------------------------------------
| Timer Settings
| --------------
------------------------------------------------------------------------------------------------

  Enable Multi Corner Analysis               :  Yes
  Enable Pessimism Removal                   :  Yes
  Pessimism Removal Resolution               :  Nearest Common Node
  Enable Input Delay Default Clock           :  No
  Enable Preset / Clear Arcs                 :  No
  Disable Flight Delays                      :  No
  Ignore I/O Paths                           :  No
  Timing Early Launch at Borrowing Latches   :  No
  Borrow Time for Max Delay Exceptions       :  Yes
  Merge Timing Exceptions                    :  Yes
  Inter-SLR Compensation                     :  Conservative

  Corner  Analyze    Analyze    
  Name    Max Paths  Min Paths  
  ------  ---------  ---------  
  Slow    Yes        Yes        
  Fast    Yes        Yes        


------------------------------------------------------------------------------------------------
| Report Methodology
| ------------------
------------------------------------------------------------------------------------------------

No report available as report_methodology has not been run prior. Run report_methodology on the current design for the summary of methodology violations.



check_timing report

Table of Contents
-----------------
1. checking no_clock (0)
2. checking constant_clock (0)
3. checking pulse_width_clock (0)
4. checking unconstrained_internal_endpoints (0)
5. checking no_input_delay (0)
6. checking no_output_delay (0)
7. checking multiple_clock (0)
8. checking generated_clocks (0)
9. checking loops (0)
10. checking partial_input_delay (0)
11. checking partial_output_delay (0)
12. checking latch_loops (0)

1. checking no_clock (0)
------------------------
 There are 0 register/latch pins with no clock.


2. checking constant_clock (0)
------------------------------
 There are 0 register/latch pins with constant_clock.


3. checking pulse_width_clock (0)
---------------------------------
 There are 0 register/latch pins which need pulse_width check


4. checking unconstrained_internal_endpoints (0)
------------------------------------------------
 There are 0 pins that are not constrained for maximum delay.

 There are 0 pins that are not constrained for maximum delay due to constant clock.


5. checking no_input_delay (0)
------------------------------
 There are 0 input ports with no input delay specified.

 There are 0 input ports with no input delay but user has a false path constraint.


6. checking no_output_delay (0)
-------------------------------
 There are 0 ports with no output delay specified.

 There are 0 ports with no output delay but user has a false path constraint

 There are 0 ports with no output delay but with a timing clock defined on it or propagating through it


7. checking multiple_clock (0)
------------------------------
 There are 0 register/latch pins with multiple clocks.


8. checking generated_clocks (0)
--------------------------------
 There are 0 generated clocks that are not connected to a clock source.


9. checking loops (0)
---------------------
 There are 0 combinational loops in the design.


10. checking partial_input_delay (0)
------------------------------------
 There are 0 input ports with partial input delay specified.


11. checking partial_output_delay (0)
-------------------------------------
 There are 0 ports with partial output delay specified.


12. checking latch_loops (0)
----------------------------
 There are 0 combinational latch loops in the design through latch input



------------------------------------------------------------------------------------------------
| Design Timing Summary
| ---------------------
------------------------------------------------------------------------------------------------

    WNS(ns)      TNS(ns)  TNS Failing Endpoints  TNS Total Endpoints      WHS(ns)      THS(ns)  THS Failing Endpoints  THS Total Endpoints     WPWS(ns)     TPWS(ns)  TPWS Failing Endpoints  TPWS Total Endpoints  
    -------      -------  ---------------------  -------------------      -------      -------  ---------------------  -------------------     --------     --------  ----------------------  --------------------  
        inf        0.000                      0                    6          inf        0.000                      0                    6           NA           NA                      NA                    NA  


There are no user specified timing constraints.


------------------------------------------------------------------------------------------------
| Clock Summary
| -------------
------------------------------------------------------------------------------------------------


------------------------------------------------------------------------------------------------
| Intra Clock Table
| -----------------
------------------------------------------------------------------------------------------------

Clock             WNS(ns)      TNS(ns)  TNS Failing Endpoints  TNS Total Endpoints      WHS(ns)      THS(ns)  THS Failing Endpoints  THS Total Endpoints     WPWS(ns)     TPWS(ns)  TPWS Failing Endpoints  TPWS Total Endpoints  
-----             -------      -------  ---------------------  -------------------      -------      -------  ---------------------  -------------------     --------     --------  ----------------------  --------------------  


------------------------------------------------------------------------------------------------
| Inter Clock Table
| -----------------
------------------------------------------------------------------------------------------------

From Clock    To Clock          WNS(ns)      TNS(ns)  TNS Failing Endpoints  TNS Total Endpoints      WHS(ns)      THS(ns)  THS Failing Endpoints  THS Total Endpoints  
----------    --------          -------      -------  ---------------------  -------------------      -------      -------  ---------------------  -------------------  


------------------------------------------------------------------------------------------------
| Other Path Groups Table
| -----------------------
------------------------------------------------------------------------------------------------

Path Group    From Clock    To Clock          WNS(ns)      TNS(ns)  TNS Failing Endpoints  TNS Total Endpoints      WHS(ns)      THS(ns)  THS Failing Endpoints  THS Total Endpoints  
----------    ----------    --------          -------      -------  ---------------------  -------------------      -------      -------  ---------------------  -------------------  


------------------------------------------------------------------------------------------------
| User Ignored Path Table
| -----------------------
------------------------------------------------------------------------------------------------

Path Group    From Clock    To Clock    
----------    ----------    --------    


------------------------------------------------------------------------------------------------
| Unconstrained Path Table
| ------------------------
------------------------------------------------------------------------------------------------

Path Group    From Clock    To Clock    
----------    ----------    --------    
(none)                                    


------------------------------------------------------------------------------------------------
| Timing Details
| --------------
------------------------------------------------------------------------------------------------


--------------------------------------------------------------------------------------
Path Group:  (none)
From Clock:  
  To Clock:  

Max Delay             6 Endpoints
Min Delay             6 Endpoints
--------------------------------------------------------------------------------------


Max Delay Paths
--------------------------------------------------------------------------------------
Slack:                    inf
  Source:                 myIn[5]
                            (input port)
  Destination:            myOut[5]
                            (output port)
  Path Group:             (none)
  Path Type:              Max at Slow Process Corner
  Data Path Delay:        8.890ns  (logic 5.035ns (56.634%)  route 3.855ns (43.366%))
  Logic Levels:           2  (IBUF=1 OBUF=1)

    Location             Delay type                Incr(ns)  Path(ns)    Netlist Resource(s)
  -------------------------------------------------------------------    -------------------
    E17                                               0.000     0.000 r  myIn[5] (IN)
                         net (fo=0)                   0.000     0.000    myIn[5]
    E17                  IBUF (Prop_ibuf_I_O)         1.483     1.483 r  myIn_IBUF[5]_inst/O
                         net (fo=1, routed)           3.855     5.338    myOut_OBUF[5]
    V17                  OBUF (Prop_obuf_I_O)         3.552     8.890 r  myOut_OBUF[5]_inst/O
                         net (fo=0)                   0.000     8.890    myOut[5]
    V17                                                               r  myOut[5] (OUT)
  -------------------------------------------------------------------    -------------------

Slack:                    inf
  Source:                 myIn[4]
                            (input port)
  Destination:            myOut[4]
                            (output port)
  Path Group:             (none)
  Path Type:              Max at Slow Process Corner
  Data Path Delay:        8.040ns  (logic 5.033ns (62.604%)  route 3.007ns (37.396%))
  Logic Levels:           2  (IBUF=1 OBUF=1)

    Location             Delay type                Incr(ns)  Path(ns)    Netlist Resource(s)
  -------------------------------------------------------------------    -------------------
    D17                                               0.000     0.000 r  myIn[4] (IN)
                         net (fo=0)                   0.000     0.000    myIn[4]
    D17                  IBUF (Prop_ibuf_I_O)         1.481     1.481 r  myIn_IBUF[4]_inst/O
                         net (fo=1, routed)           3.007     4.488    myOut_OBUF[4]
    R18                  OBUF (Prop_obuf_I_O)         3.552     8.040 r  myOut_OBUF[4]_inst/O
                         net (fo=0)                   0.000     8.040    myOut[4]
    R18                                                               r  myOut[4] (OUT)
  -------------------------------------------------------------------    -------------------

Slack:                    inf
  Source:                 myIn[3]
                            (input port)
  Destination:            myOut[3]
                            (output port)
  Path Group:             (none)
  Path Type:              Max at Slow Process Corner
  Data Path Delay:        7.974ns  (logic 5.017ns (62.911%)  route 2.958ns (37.089%))
  Logic Levels:           2  (IBUF=1 OBUF=1)

    Location             Delay type                Incr(ns)  Path(ns)    Netlist Resource(s)
  -------------------------------------------------------------------    -------------------
    G17                                               0.000     0.000 r  myIn[3] (IN)
                         net (fo=0)                   0.000     0.000    myIn[3]
    G17                  IBUF (Prop_ibuf_I_O)         1.466     1.466 r  myIn_IBUF[3]_inst/O
                         net (fo=1, routed)           2.958     4.424    myOut_OBUF[3]
    N14                  OBUF (Prop_obuf_I_O)         3.551     7.974 r  myOut_OBUF[3]_inst/O
                         net (fo=0)                   0.000     7.974    myOut[3]
    N14                                                               r  myOut[3] (OUT)
  -------------------------------------------------------------------    -------------------

Slack:                    inf
  Source:                 myIn[2]
                            (input port)
  Destination:            myOut[2]
                            (output port)
  Path Group:             (none)
  Path Type:              Max at Slow Process Corner
  Data Path Delay:        7.173ns  (logic 5.046ns (70.343%)  route 2.127ns (29.657%))
  Logic Levels:           2  (IBUF=1 OBUF=1)

    Location             Delay type                Incr(ns)  Path(ns)    Netlist Resource(s)
  -------------------------------------------------------------------    -------------------
    E18                                               0.000     0.000 r  myIn[2] (IN)
                         net (fo=0)                   0.000     0.000    myIn[2]
    E18                  IBUF (Prop_ibuf_I_O)         1.493     1.493 r  myIn_IBUF[2]_inst/O
                         net (fo=1, routed)           2.127     3.620    myOut_OBUF[2]
    J13                  OBUF (Prop_obuf_I_O)         3.553     7.173 r  myOut_OBUF[2]_inst/O
                         net (fo=0)                   0.000     7.173    myOut[2]
    J13                                                               r  myOut[2] (OUT)
  -------------------------------------------------------------------    -------------------

Slack:                    inf
  Source:                 myIn[1]
                            (input port)
  Destination:            myOut[1]
                            (output port)
  Path Group:             (none)
  Path Type:              Max at Slow Process Corner
  Data Path Delay:        7.162ns  (logic 5.036ns (70.313%)  route 2.126ns (29.687%))
  Logic Levels:           2  (IBUF=1 OBUF=1)

    Location             Delay type                Incr(ns)  Path(ns)    Netlist Resource(s)
  -------------------------------------------------------------------    -------------------
    D18                                               0.000     0.000 r  myIn[1] (IN)
                         net (fo=0)                   0.000     0.000    myIn[1]
    D18                  IBUF (Prop_ibuf_I_O)         1.500     1.500 r  myIn_IBUF[1]_inst/O
                         net (fo=1, routed)           2.126     3.627    myOut_OBUF[1]
    K15                  OBUF (Prop_obuf_I_O)         3.535     7.162 r  myOut_OBUF[1]_inst/O
                         net (fo=0)                   0.000     7.162    myOut[1]
    K15                                                               r  myOut[1] (OUT)
  -------------------------------------------------------------------    -------------------

Slack:                    inf
  Source:                 myIn[0]
                            (input port)
  Destination:            myOut[0]
                            (output port)
  Path Group:             (none)
  Path Type:              Max at Slow Process Corner
  Data Path Delay:        7.018ns  (logic 5.031ns (71.677%)  route 1.988ns (28.323%))
  Logic Levels:           2  (IBUF=1 OBUF=1)

    Location             Delay type                Incr(ns)  Path(ns)    Netlist Resource(s)
  -------------------------------------------------------------------    -------------------
    C17                                               0.000     0.000 r  myIn[0] (IN)
                         net (fo=0)                   0.000     0.000    myIn[0]
    C17                  IBUF (Prop_ibuf_I_O)         1.510     1.510 r  myIn_IBUF[0]_inst/O
                         net (fo=1, routed)           1.988     3.498    myOut_OBUF[0]
    H17                  OBUF (Prop_obuf_I_O)         3.520     7.018 r  myOut_OBUF[0]_inst/O
                         net (fo=0)                   0.000     7.018    myOut[0]
    H17                                                               r  myOut[0] (OUT)
  -------------------------------------------------------------------    -------------------





Min Delay Paths
--------------------------------------------------------------------------------------
Slack:                    inf
  Source:                 myIn[0]
                            (input port)
  Destination:            myOut[0]
                            (output port)
  Path Group:             (none)
  Path Type:              Min at Fast Process Corner
  Data Path Delay:        1.895ns  (logic 1.499ns (79.111%)  route 0.396ns (20.889%))
  Logic Levels:           2  (IBUF=1 OBUF=1)

    Location             Delay type                Incr(ns)  Path(ns)    Netlist Resource(s)
  -------------------------------------------------------------------    -------------------
    C17                                               0.000     0.000 r  myIn[0] (IN)
                         net (fo=0)                   0.000     0.000    myIn[0]
    C17                  IBUF (Prop_ibuf_I_O)         0.278     0.278 r  myIn_IBUF[0]_inst/O
                         net (fo=1, routed)           0.396     0.674    myOut_OBUF[0]
    H17                  OBUF (Prop_obuf_I_O)         1.221     1.895 r  myOut_OBUF[0]_inst/O
                         net (fo=0)                   0.000     1.895    myOut[0]
    H17                                                               r  myOut[0] (OUT)
  -------------------------------------------------------------------    -------------------

Slack:                    inf
  Source:                 myIn[1]
                            (input port)
  Destination:            myOut[1]
                            (output port)
  Path Group:             (none)
  Path Type:              Min at Fast Process Corner
  Data Path Delay:        1.948ns  (logic 1.504ns (77.206%)  route 0.444ns (22.794%))
  Logic Levels:           2  (IBUF=1 OBUF=1)

    Location             Delay type                Incr(ns)  Path(ns)    Netlist Resource(s)
  -------------------------------------------------------------------    -------------------
    D18                                               0.000     0.000 r  myIn[1] (IN)
                         net (fo=0)                   0.000     0.000    myIn[1]
    D18                  IBUF (Prop_ibuf_I_O)         0.268     0.268 r  myIn_IBUF[1]_inst/O
                         net (fo=1, routed)           0.444     0.712    myOut_OBUF[1]
    K15                  OBUF (Prop_obuf_I_O)         1.236     1.948 r  myOut_OBUF[1]_inst/O
                         net (fo=0)                   0.000     1.948    myOut[1]
    K15                                                               r  myOut[1] (OUT)
  -------------------------------------------------------------------    -------------------

Slack:                    inf
  Source:                 myIn[2]
                            (input port)
  Destination:            myOut[2]
                            (output port)
  Path Group:             (none)
  Path Type:              Min at Fast Process Corner
  Data Path Delay:        1.960ns  (logic 1.514ns (77.235%)  route 0.446ns (22.765%))
  Logic Levels:           2  (IBUF=1 OBUF=1)

    Location             Delay type                Incr(ns)  Path(ns)    Netlist Resource(s)
  -------------------------------------------------------------------    -------------------
    E18                                               0.000     0.000 r  myIn[2] (IN)
                         net (fo=0)                   0.000     0.000    myIn[2]
    E18                  IBUF (Prop_ibuf_I_O)         0.261     0.261 r  myIn_IBUF[2]_inst/O
                         net (fo=1, routed)           0.446     0.707    myOut_OBUF[2]
    J13                  OBUF (Prop_obuf_I_O)         1.253     1.960 r  myOut_OBUF[2]_inst/O
                         net (fo=0)                   0.000     1.960    myOut[2]
    J13                                                               r  myOut[2] (OUT)
  -------------------------------------------------------------------    -------------------

Slack:                    inf
  Source:                 myIn[3]
                            (input port)
  Destination:            myOut[3]
                            (output port)
  Path Group:             (none)
  Path Type:              Min at Fast Process Corner
  Data Path Delay:        2.280ns  (logic 1.485ns (65.148%)  route 0.795ns (34.852%))
  Logic Levels:           2  (IBUF=1 OBUF=1)

    Location             Delay type                Incr(ns)  Path(ns)    Netlist Resource(s)
  -------------------------------------------------------------------    -------------------
    G17                                               0.000     0.000 r  myIn[3] (IN)
                         net (fo=0)                   0.000     0.000    myIn[3]
    G17                  IBUF (Prop_ibuf_I_O)         0.234     0.234 r  myIn_IBUF[3]_inst/O
                         net (fo=1, routed)           0.795     1.029    myOut_OBUF[3]
    N14                  OBUF (Prop_obuf_I_O)         1.251     2.280 r  myOut_OBUF[3]_inst/O
                         net (fo=0)                   0.000     2.280    myOut[3]
    N14                                                               r  myOut[3] (OUT)
  -------------------------------------------------------------------    -------------------

Slack:                    inf
  Source:                 myIn[4]
                            (input port)
  Destination:            myOut[4]
                            (output port)
  Path Group:             (none)
  Path Type:              Min at Fast Process Corner
  Data Path Delay:        2.304ns  (logic 1.502ns (65.170%)  route 0.803ns (34.830%))
  Logic Levels:           2  (IBUF=1 OBUF=1)

    Location             Delay type                Incr(ns)  Path(ns)    Netlist Resource(s)
  -------------------------------------------------------------------    -------------------
    D17                                               0.000     0.000 r  myIn[4] (IN)
                         net (fo=0)                   0.000     0.000    myIn[4]
    D17                  IBUF (Prop_ibuf_I_O)         0.249     0.249 r  myIn_IBUF[4]_inst/O
                         net (fo=1, routed)           0.803     1.052    myOut_OBUF[4]
    R18                  OBUF (Prop_obuf_I_O)         1.252     2.304 r  myOut_OBUF[4]_inst/O
                         net (fo=0)                   0.000     2.304    myOut[4]
    R18                                                               r  myOut[4] (OUT)
  -------------------------------------------------------------------    -------------------

Slack:                    inf
  Source:                 myIn[5]
                            (input port)
  Destination:            myOut[5]
                            (output port)
  Path Group:             (none)
  Path Type:              Min at Fast Process Corner
  Data Path Delay:        2.678ns  (logic 1.503ns (56.124%)  route 1.175ns (43.876%))
  Logic Levels:           2  (IBUF=1 OBUF=1)

    Location             Delay type                Incr(ns)  Path(ns)    Netlist Resource(s)
  -------------------------------------------------------------------    -------------------
    E17                                               0.000     0.000 r  myIn[5] (IN)
                         net (fo=0)                   0.000     0.000    myIn[5]
    E17                  IBUF (Prop_ibuf_I_O)         0.251     0.251 r  myIn_IBUF[5]_inst/O
                         net (fo=1, routed)           1.175     1.426    myOut_OBUF[5]
    V17                  OBUF (Prop_obuf_I_O)         1.252     2.678 r  myOut_OBUF[5]_inst/O
                         net (fo=0)                   0.000     2.678    myOut[5]
    V17                                                               r  myOut[5] (OUT)
  -------------------------------------------------------------------    -------------------





